<html>
<body>
<pre>
<h1>µVision Build Log</h1>
<h2>Project:</h2>
L:\cse380\lab7\lab7.uvproj
Project File Date:  04/30/2014

<h2>Output:</h2>
Build target 'Target 1'
assembling Startup.s...
assembling library.s...
assembling lab7.s...
compiling lab7wrapper.c...
linking...
Program Size: Code=6700 RO-data=32 RW-data=0 ZI-data=1260  
"lab7.axf" - 0 Error(s), 0 Warning(s).
Load "L:\\cse380\\lab7\\lab7.AXF" 
Erase Done.
Programming Done.
Verify OK.
Application running ...
Load "L:\\cse380\\lab7\\lab7.AXF" 
Erase Done.
Programming Done.
Verify OK.
Application running ...
Build target 'Target 1'
assembling Startup.s...
assembling library.s...
assembling lab7.s...
compiling lab7wrapper.c...
linking...
Program Size: Code=6736 RO-data=32 RW-data=0 ZI-data=1256  
"lab7.axf" - 0 Error(s), 0 Warning(s).
Load "L:\\cse380\\lab7\\lab7.AXF" 
Erase Done.
Programming Done.
Verify OK.
Application running ...
Build target 'Target 1'
assembling Startup.s...
assembling library.s...
assembling lab7.s...
compiling lab7wrapper.c...
linking...
Program Size: Code=6736 RO-data=32 RW-data=0 ZI-data=1256  
"lab7.axf" - 0 Error(s), 0 Warning(s).
Load "L:\\cse380\\lab7\\lab7.AXF" 
Erase Done.
Programming Done.
Verify OK.
Application running ...
Build target 'Target 1'
assembling Startup.s...
assembling library.s...
assembling lab7.s...
compiling lab7wrapper.c...
linking...
Program Size: Code=6736 RO-data=32 RW-data=0 ZI-data=1256  
"lab7.axf" - 0 Error(s), 0 Warning(s).
Load "L:\\cse380\\lab7\\lab7.AXF" 
Erase Done.
Programming Done.
Verify OK.
Application running ...
Build target 'Target 1'
assembling Startup.s...
assembling library.s...
assembling lab7.s...
compiling lab7wrapper.c...
linking...
Program Size: Code=6736 RO-data=32 RW-data=0 ZI-data=1256  
"lab7.axf" - 0 Error(s), 0 Warning(s).
Load "L:\\cse380\\lab7\\lab7.AXF" 
Erase Done.
Programming Done.
Verify OK.
Application running ...
Build target 'Target 1'
assembling Startup.s...
assembling library.s...
assembling lab7.s...
compiling lab7wrapper.c...
linking...
Program Size: Code=6736 RO-data=32 RW-data=0 ZI-data=1256  
"lab7.axf" - 0 Error(s), 0 Warning(s).
Build target 'Target 1'
assembling Startup.s...
assembling library.s...
assembling lab7.s...
compiling lab7wrapper.c...
linking...
Program Size: Code=6736 RO-data=32 RW-data=0 ZI-data=1256  
"lab7.axf" - 0 Error(s), 0 Warning(s).
Load "L:\\cse380\\lab7\\lab7.AXF" 
Erase Done.
Programming Done.
Verify OK.
Application running ...
Build target 'Target 1'
assembling Startup.s...
assembling library.s...
assembling lab7.s...
compiling lab7wrapper.c...
linking...
Program Size: Code=6752 RO-data=32 RW-data=0 ZI-data=1256  
"lab7.axf" - 0 Error(s), 0 Warning(s).
Load "L:\\cse380\\lab7\\lab7.AXF" 
Erase Done.
Programming Done.
Verify OK.
Application running ...
Build target 'Target 1'
assembling Startup.s...
assembling library.s...
assembling lab7.s...
compiling lab7wrapper.c...
linking...
Program Size: Code=6752 RO-data=32 RW-data=0 ZI-data=1256  
"lab7.axf" - 0 Error(s), 0 Warning(s).
Build target 'Target 1'
assembling Startup.s...
assembling library.s...
assembling lab7.s...
compiling lab7wrapper.c...
linking...
Program Size: Code=6768 RO-data=32 RW-data=0 ZI-data=1256  
"lab7.axf" - 0 Error(s), 0 Warning(s).
Load "L:\\cse380\\lab7\\lab7.AXF" 
Erase Done.
Programming Done.
Verify OK.
Application running ...
Build target 'Target 1'
assembling Startup.s...
assembling library.s...
assembling lab7.s...
compiling lab7wrapper.c...
linking...
Program Size: Code=6768 RO-data=32 RW-data=0 ZI-data=1256  
"lab7.axf" - 0 Error(s), 0 Warning(s).
Load "L:\\cse380\\lab7\\lab7.AXF" 
Erase Done.
Programming Done.
Verify OK.
Application running ...
Build target 'Target 1'
assembling Startup.s...
assembling library.s...
assembling lab7.s...
compiling lab7wrapper.c...
linking...
Program Size: Code=6768 RO-data=32 RW-data=0 ZI-data=1256  
"lab7.axf" - 0 Error(s), 0 Warning(s).
Load "L:\\cse380\\lab7\\lab7.AXF" 
Erase Done.
Programming Done.
Verify OK.
Application running ...
Build target 'Target 1'
assembling Startup.s...
assembling library.s...
assembling lab7.s...
compiling lab7wrapper.c...
linking...
Program Size: Code=6768 RO-data=32 RW-data=0 ZI-data=1256  
"lab7.axf" - 0 Error(s), 0 Warning(s).
Load "L:\\cse380\\lab7\\lab7.AXF" 
Erase Done.
Programming Done.
Verify OK.
Application running ...
Build target 'Target 1'
assembling Startup.s...
assembling library.s...
assembling lab7.s...
compiling lab7wrapper.c...
linking...
Program Size: Code=6788 RO-data=32 RW-data=0 ZI-data=1260  
"lab7.axf" - 0 Error(s), 0 Warning(s).
Load "L:\\cse380\\lab7\\lab7.AXF" 
Erase Done.
Programming Done.
Verify OK.
Application running ...
Build target 'Target 1'
assembling Startup.s...
assembling library.s...
assembling lab7.s...
compiling lab7wrapper.c...
linking...
Program Size: Code=6796 RO-data=32 RW-data=0 ZI-data=1260  
"lab7.axf" - 0 Error(s), 0 Warning(s).
Load "L:\\cse380\\lab7\\lab7.AXF" 
Erase Done.
Programming Done.
Verify OK.
Application running ...
Build target 'Target 1'
assembling Startup.s...
assembling library.s...
assembling lab7.s...
compiling lab7wrapper.c...
linking...
Program Size: Code=6772 RO-data=32 RW-data=0 ZI-data=1260  
"lab7.axf" - 0 Error(s), 0 Warning(s).
Build target 'Target 1'
assembling Startup.s...
assembling library.s...
assembling lab7.s...
compiling lab7wrapper.c...
linking...
Program Size: Code=6772 RO-data=32 RW-data=0 ZI-data=1260  
"lab7.axf" - 0 Error(s), 0 Warning(s).
Load "L:\\cse380\\lab7\\lab7.AXF" 
Erase Done.
Programming Done.
Verify OK.
Application running ...
Build target 'Target 1'
assembling Startup.s...
assembling library.s...
assembling lab7.s...
compiling lab7wrapper.c...
linking...
Program Size: Code=6772 RO-data=32 RW-data=0 ZI-data=1260  
"lab7.axf" - 0 Error(s), 0 Warning(s).
Load "L:\\cse380\\lab7\\lab7.AXF" 
Erase Done.
Programming Done.
Verify OK.
Application running ...
Build target 'Target 1'
assembling Startup.s...
assembling library.s...
assembling lab7.s...
compiling lab7wrapper.c...
linking...
Program Size: Code=6772 RO-data=32 RW-data=0 ZI-data=1260  
"lab7.axf" - 0 Error(s), 0 Warning(s).
